
  00-bootstrap  [SUCCESS]
  run: RUN-01M267M0HBCW8KAGXQKF85WR67
  Workspaces created under C:\Users\annav\AppData\Local\Temp\bootshift-workspaces\RUN-01M267M0HBCW8KAGXQKF85WR67; OSS gate passed for 19 harness components

  ! Input path is inside the harness repository; harness modules are excluded from analysis by the module filter.

  artifacts:
    E:\Virtusa Projects\bootshift\output\00-bootstrap\20260910-180003-351\bootstrap.json


  01-inventory  [SUCCESS]
  run: RUN-01M267M0HBCW8KAGXQKF85WR67
  99 files across 6 module(s); 104 migration signal(s); registry sealed as f43da37a7cbd752a65e7c924fb96cb5f33da087af3ae74c45fe76e6060755850 (content 3982fd4e3e180eeb)

  artifacts:
    E:\Virtusa Projects\bootshift\output\01-inventory\20260910-180003-851\inventory-artifact.json
    E:\Virtusa Projects\bootshift\output\01-inventory\20260910-180003-851\file-registry.json
    E:\Virtusa Projects\bootshift\output\01-inventory\20260910-180003-851\inventory-signals.json
    E:\Virtusa Projects\bootshift\output\01-inventory\20260910-180003-851\inventory-issues.json
    E:\Virtusa Projects\bootshift\output\01-inventory\20260910-180003-851\manifest.json


  02-build  [SUCCESS]
  run: RUN-01M267M0HBCW8KAGXQKF85WR67
  MAVEN model: 6 module(s), 962 dependency record(s), 9186 managed version(s)

  artifacts:
    E:\Virtusa Projects\bootshift\output\02-build\20260910-180223-020\build-model.json
    E:\Virtusa Projects\bootshift\output\02-build\20260910-180223-020\dependency-model.json
    E:\Virtusa Projects\bootshift\output\02-build\20260910-180223-020\bom-model.json
    E:\Virtusa Projects\bootshift\output\02-build\20260910-180223-020\plugin-model.json
    E:\Virtusa Projects\bootshift\output\02-build\20260910-180223-020\repository-model.json
    E:\Virtusa Projects\bootshift\output\02-build\20260910-180223-020\resolution-issues.json
    E:\Virtusa Projects\bootshift\output\02-build\20260910-180223-020\manifest.json


  03-graph  [SUCCESS]
  run: RUN-01M267M0HBCW8KAGXQKF85WR67
  839 nodes / 1852 edges, 239 symbols, attribution 0.6858, content hash 5b764c29af1e

  artifacts:
    E:\Virtusa Projects\bootshift\output\03-graph\20260910-180227-260\application-graph.json
    E:\Virtusa Projects\bootshift\output\03-graph\20260910-180227-260\file-registry.json
    E:\Virtusa Projects\bootshift\output\03-graph\20260910-180227-260\symbol-registry.json
    E:\Virtusa Projects\bootshift\output\03-graph\20260910-180227-260\module-graph.json
    E:\Virtusa Projects\bootshift\output\03-graph\20260910-180227-260\file-graph.json
    E:\Virtusa Projects\bootshift\output\03-graph\20260910-180227-260\symbol-graph.json
    E:\Virtusa Projects\bootshift\output\03-graph\20260910-180227-260\dependency-graph.json
    E:\Virtusa Projects\bootshift\output\03-graph\20260910-180227-260\spring-graph.json
    E:\Virtusa Projects\bootshift\output\03-graph\20260910-180227-260\configuration-graph.json
    E:\Virtusa Projects\bootshift\output\03-graph\20260910-180227-260\persistence-graph.json
    E:\Virtusa Projects\bootshift\output\03-graph\20260910-180227-260\endpoint-graph.json
    E:\Virtusa Projects\bootshift\output\03-graph\20260910-180227-260\test-graph.json
    E:\Virtusa Projects\bootshift\output\03-graph\20260910-180227-260\integration-graph.json
    E:\Virtusa Projects\bootshift\output\03-graph\20260910-180227-260\graph-summary.json
    E:\Virtusa Projects\bootshift\output\03-graph\20260910-180227-260\graph-issues.json
    E:\Virtusa Projects\bootshift\output\03-graph\20260910-180227-260\graph-verification-report.json
    E:\Virtusa Projects\bootshift\output\03-graph\20260910-180227-260\graph-verification-report.md
    E:\Virtusa Projects\bootshift\output\03-graph\20260910-180227-260\manifest.json

[main] INFO com.bootshift.adapters.environment.ContainerProvisioner - docker is installed but its daemon did not answer; it is not usable as a container runtime for this run

  04-baseline  [SUCCESS]
  run: RUN-01M267M0HBCW8KAGXQKF85WR67
  Baseline sealed as 132e5db8da64002d (6 module(s) built, 12 test(s), 4/6 runtime probe(s) started)

  ! 2 pre-existing test failure(s) recorded as baseline debt
  ! BLIND SPOT BS-RUNTIME-CONFIGUARATION-SERVER: Module configuaration-server did not start during baseline capture
  ! BLIND SPOT BS-RUNTIME-EMPLOYEE-SERVICE: Module employee-service did not start during baseline capture

  artifacts:
    E:\Virtusa Projects\bootshift\output\04-baseline\20260910-180227-884\baseline-build.json
    E:\Virtusa Projects\bootshift\output\04-baseline\20260910-180227-884\baseline-tests.json
    E:\Virtusa Projects\bootshift\output\04-baseline\20260910-180227-884\baseline-coverage.json
    E:\Virtusa Projects\bootshift\output\04-baseline\20260910-180227-884\baseline-configuration.json
    E:\Virtusa Projects\bootshift\output\04-baseline\20260910-180227-884\baseline-runtime.json
    E:\Virtusa Projects\bootshift\output\04-baseline\20260910-180227-884\environment-equivalence.json
    E:\Virtusa Projects\bootshift\output\04-baseline\20260910-180227-884\runtime-graph-baseline.json
    E:\Virtusa Projects\bootshift\output\04-baseline\20260910-180227-884\application-graph-baseline-enriched.json
    E:\Virtusa Projects\bootshift\output\04-baseline\20260910-180227-884\baseline-manifest.json
    E:\Virtusa Projects\bootshift\output\04-baseline\20260910-180227-884\manifest.json


  05-compatibility  [SUCCESS]
  run: RUN-01M267M0HBCW8KAGXQKF85WR67
  Current state Spring Boot 2.7.12 / Java 17 / Spring Cloud 2021.0.7; 9 candidate line(s), 0 unavailable, 0 unknown internal component(s)

  artifacts:
    E:\Virtusa Projects\bootshift\output\05-compatibility\20260910-181112-014\compatibility-registry.json
    E:\Virtusa Projects\bootshift\output\05-compatibility\20260910-181112-014\lifecycle-registry.json
    E:\Virtusa Projects\bootshift\output\05-compatibility\20260910-181112-014\artifact-availability.json
    E:\Virtusa Projects\bootshift\output\05-compatibility\20260910-181112-014\version-space-evidence.json
    E:\Virtusa Projects\bootshift\output\05-compatibility\20260910-181112-014\internal-components.json
    E:\Virtusa Projects\bootshift\output\05-compatibility\20260910-181112-014\manifest.json


  06-target  [SUCCESS]
  run: RUN-01M267M0HBCW8KAGXQKF85WR67
  Landing target Spring Boot 3.5.16 (Java 21, Spring Cloud 2025.0.3), 8 migration edge(s), -2 month support horizon

  ! eliminated 2.7: support horizon of -33 month(s) is below the policy minimum -24
  ! eliminated 3.0: support horizon of -33 month(s) is below the policy minimum -24
  ! eliminated 3.1: support horizon of -27 month(s) is below the policy minimum -24
  ! eliminated 4.0: the application uses Spring Cloud but no GA release train targets this Boot line, so the required artifacts do not exist
  ! eliminated 4.1: the application uses Spring Cloud but no GA release train targets this Boot line, so the required artifacts do not exist

  artifacts:
    E:\Virtusa Projects\bootshift\output\06-target\20260910-181137-690\target-state.json
    E:\Virtusa Projects\bootshift\output\06-target\20260910-181137-690\migration-path.json
    E:\Virtusa Projects\bootshift\output\06-target\20260910-181137-690\target-resolution-report.json
    E:\Virtusa Projects\bootshift\output\06-target\20260910-181137-690\manifest.json


  07-documentation  [SUCCESS]
  run: RUN-01M267M0HBCW8KAGXQKF85WR67
  21 document(s) pinned for 7 edge(s); 7 official migration guide(s)

  artifacts:
    E:\Virtusa Projects\bootshift\output\07-documentation\20260910-181137-897\document-registry.json
    E:\Virtusa Projects\bootshift\output\07-documentation\20260910-181137-897\document-coverage.json
    E:\Virtusa Projects\bootshift\output\07-documentation\20260910-181137-897\manifest.json

[main] WARN com.bootshift.adapters.http.HttpFetcher - Egress refused for https://repo1.maven.org/maven2/com/fasterxml/jackson/core/jackson-annotations/${jackson.version}/jackson-annotations-${jackson.version}.jar - host is not on the allowlist

  08-knowledge  [SUCCESS]
  run: RUN-01M267M0HBCW8KAGXQKF85WR67
  1691 migration fact(s): 1683 VERIFIED, 8 CANDIDATE, 0 CONFLICTING for 2.7.12 -> 3.5.16

  ! 8 fact(s) remain CANDIDATE: documentation asserted them but no artifact observation corroborated them, so they cannot authorize a change

  artifacts:
    E:\Virtusa Projects\bootshift\output\08-knowledge\20260910-181151-145\migration-knowledge.json
    E:\Virtusa Projects\bootshift\output\08-knowledge\20260910-181151-145\artifact-channel.json
    E:\Virtusa Projects\bootshift\output\08-knowledge\20260910-181151-145\documentation-channel.json
    E:\Virtusa Projects\bootshift\output\08-knowledge\20260910-181151-145\knowledge-summary.json
    E:\Virtusa Projects\bootshift\output\08-knowledge\20260910-181151-145\manifest.json


  09-impact  [SUCCESS]
  run: RUN-01M267M0HBCW8KAGXQKF85WR67
  2072 impact finding(s) across 27 file(s); {DEFINITELY_AFFECTED=502, POSSIBLY_AFFECTED=4, UNAFFECTED_WITHIN_OBSERVED_COVERAGE=1566}

  artifacts:
    E:\Virtusa Projects\bootshift\output\09-impact\20260910-181843-658\impact-report.json
    E:\Virtusa Projects\bootshift\output\09-impact\20260910-181843-658\impact-summary.json
    E:\Virtusa Projects\bootshift\output\09-impact\20260910-181843-658\blast-radius.json
    E:\Virtusa Projects\bootshift\output\09-impact\20260910-181843-658\manifest.json


  10-characterization  [SUCCESS]
  run: RUN-01M267M0HBCW8KAGXQKF85WR67
  82 executable scenario(s): 36 frozen against OLD, 34 unobservable, 12 unexecuted; 506 characterization contract(s): 0 frozen, 0 mapped to existing tests, 506 awaiting OLD, 0 unobservable

  ! 12 scenario(s) could not be executed against the original application and are NOT protection; they cannot act as an oracle
  ! 34 scenario(s) are unobservable in this environment and are recorded as explicit gaps
  ! 506 probe(s) await execution against the original application; they cannot act as an oracle until then

  artifacts:
    E:\Virtusa Projects\bootshift\output\10-characterization\20260910-181848-456\characterization-report.json
    E:\Virtusa Projects\bootshift\output\10-characterization\20260910-181848-456\characterization-contracts.json
    E:\Virtusa Projects\bootshift\output\10-characterization\20260910-181848-456\characterization-scenarios.json
    E:\Virtusa Projects\bootshift\output\10-characterization\20260910-181848-456\characterization-old-observations.json
    E:\Virtusa Projects\bootshift\output\10-characterization\20260910-181848-456\characterization-gaps.json
    E:\Virtusa Projects\bootshift\output\10-characterization\20260910-181848-456\manifest.json


  11-plan  [SUCCESS]
  run: RUN-01M267M0HBCW8KAGXQKF85WR67
  8 edge(s) frozen, deterministic coverage 0.6791, 1 differential dimension(s) required

  ! 2 fact type(s) have no deterministic capability; deterministic coverage is 0.6791

  artifacts:
    E:\Virtusa Projects\bootshift\output\11-plan\20260910-182251-380\migration-plan.json
    E:\Virtusa Projects\bootshift\output\11-plan\20260910-182251-380\edge-plan.json
    E:\Virtusa Projects\bootshift\output\11-plan\20260910-182251-380\transformation-capability-registry.json
    E:\Virtusa Projects\bootshift\output\11-plan\20260910-182251-380\residual-report.json
    E:\Virtusa Projects\bootshift\output\11-plan\20260910-182251-380\manifest.json


  12-transformation  [SUCCESS]
  run: RUN-01M267M0HBCW8KAGXQKF85WR67
  Edge EDGE-1-PREP-TEST: 3 applied, 0 rejected, 0 failed; ledger head c4cb9c4445a3

  ! residual after deterministic transformation: [custom-junit4-runner]

  artifacts:
    E:\Virtusa Projects\bootshift\output\12-transformation\20260910-182254-657\transformation-report.json
    E:\Virtusa Projects\bootshift\output\12-transformation\20260910-182254-657\proposed-changes.json
    E:\Virtusa Projects\bootshift\output\12-transformation\20260910-182254-657\manifest.json


  13-build-repair  [SUCCESS]
  run: RUN-01M267M0HBCW8KAGXQKF85WR67
  Edge EDGE-1-PREP-TEST compiles after 1 round(s); 0 AI attempt(s) used of 12

  artifacts:
    E:\Virtusa Projects\bootshift\output\13-build-repair\20260910-182255-741\build-report.json
    E:\Virtusa Projects\bootshift\output\13-build-repair\20260910-182255-741\repair-report.json
    E:\Virtusa Projects\bootshift\output\13-build-repair\20260910-182255-741\diagnostics.json
    E:\Virtusa Projects\bootshift\output\13-build-repair\20260910-182255-741\manifest.json


  14-graph-diff  [SUCCESS]
  run: RUN-01M267M0HBCW8KAGXQKF85WR67
  Edge EDGE-1-PREP-TEST graph COMPLETE: +0/-0 nodes, +0/-0 edges, 0 symbol(s) changed; scope OK

  artifacts:
    E:\Virtusa Projects\bootshift\output\14-graph-diff\20260910-182417-647\application-graph-current.json
    E:\Virtusa Projects\bootshift\output\14-graph-diff\20260910-182417-647\graph-diff.json
    E:\Virtusa Projects\bootshift\output\14-graph-diff\20260910-182417-647\scope-assertion.json
    E:\Virtusa Projects\bootshift\output\14-graph-diff\20260910-182417-647\last-good-graph.json
    E:\Virtusa Projects\bootshift\output\14-graph-diff\20260910-182417-647\manifest.json


  15-test  [SUCCESS]
  run: RUN-01M267M0HBCW8KAGXQKF85WR67
  Edge EDGE-1-PREP-TEST: 12 test(s), {PASSED=10, PRE_EXISTING_FAILURE=2}

  artifacts:
    E:\Virtusa Projects\bootshift\output\15-test\20260910-182418-176\test-report.json
    E:\Virtusa Projects\bootshift\output\15-test\20260910-182418-176\coverage-report.json
    E:\Virtusa Projects\bootshift\output\15-test\20260910-182418-176\manifest.json


  16-runtime  [SUCCESS]
  run: RUN-01M267M0HBCW8KAGXQKF85WR67
  Edge EDGE-1-PREP-TEST: 4/6 module(s) started, 267 bound property(ies), 279 runtime graph edge(s)

  ! did not start: configuaration-server - PROCESS_EXITED: APPLICATION FAILED TO START
  ! did not start: employee-service - TIMEOUT: Caused by: com.mongodb.MongoTimeoutException: Timed out after 30000 ms while waiting to connect. Client view of cluster state is {type=UNKNOWN, servers=[{address=localhost:27017, type=UNKNOWN, state=CONNECTING, exception={com.mongodb.MongoSocketOpenException: Exception opening socket}, caused by {java.net.ConnectException: Connection refused: getsockopt}}]

  artifacts:
    E:\Virtusa Projects\bootshift\output\16-runtime\20260910-182926-693\runtime-report.json
    E:\Virtusa Projects\bootshift\output\16-runtime\20260910-182926-693\scenario-observations-new.json
    E:\Virtusa Projects\bootshift\output\16-runtime\20260910-182926-693\configuration-binding.json
    E:\Virtusa Projects\bootshift\output\16-runtime\20260910-182926-693\runtime-graph-current.json
    E:\Virtusa Projects\bootshift\output\16-runtime\20260910-182926-693\application-graph-current-enriched.json
    E:\Virtusa Projects\bootshift\output\16-runtime\20260910-182926-693\silently-ignored-properties.json
    E:\Virtusa Projects\bootshift\output\16-runtime\20260910-182926-693\manifest.json


  17-differential  [SUCCESS]
  run: RUN-01M267M0HBCW8KAGXQKF85WR67
  Edge EDGE-1-PREP-TEST: 18 comparison(s) across 1 dimension(s); {IDENTICAL=16, NOT_COMPARED=2}

  artifacts:
    E:\Virtusa Projects\bootshift\output\17-differential\20260910-183442-806\differential-report.json
    E:\Virtusa Projects\bootshift\output\17-differential\20260910-183442-806\normalization-policy.json
    E:\Virtusa Projects\bootshift\output\17-differential\20260910-183442-806\environment-equivalence-check.json
    E:\Virtusa Projects\bootshift\output\17-differential\20260910-183442-806\manifest.json


  12-transformation  [STRUCTURED_REFUSAL]
  run: RUN-01M267M0HBCW8KAGXQKF85WR67
  Stage 12-transformation cannot run yet: 1 precondition(s) unsatisfied

  ! Required state PLAN_FROZEN has not been reached (current: EDGE_COMPLETE)
  ! remediation: Run: bootshift plan

  edge EDGE-2-PATCH stopped at 12-transformation

